MethodReferenceNoThisTest.java:22:15: compiler.err.invalid.mref: kindname.constructor, (compiler.misc.cant.access.inner.cls.constr: V, , MethodReferenceNoThisTest)
1 error
